Microchip MPLAB XC8 Compiler V2.10 ()

Linker command line:

--edf=C:\Program Files (x86)\Microchip\xc8\v2.10\pic\dat\en_msgs.txt -cs \
  -h+dist/Mini_board_config/production\labo6.production.sym \
  --cmf=dist/Mini_board_config/production\labo6.production.cmf -z \
  -Q18F45K20 -oC:\Users\Youlian\AppData\Local\Temp\s29c.2 \
  --defsym=__MPLAB_BUILD=1 \
  -Mdist/Mini_board_config/production/labo6.production.map -E1 -ver=XC8 \
  --acfsm=1493 -ASTACK=0194h-05FFh -pstack=STACK -ACODE=00h-07FFFh \
  -ACONST=00h-07FFFh -ASMALLCONST=0600h-06FFhx122 \
  -AMEDIUMCONST=0600h-07FFFh -ACOMRAM=01h-05Fh -AABS1=00h-05FFh \
  -ABIGRAM=01h-05FFh -ARAM=060h-0FFh,0100h-01FFhx5 -ABANK0=060h-0FFh \
  -ABANK1=0100h-01FFh -ABANK2=0200h-02FFh -ABANK3=0300h-03FFh \
  -ABANK4=0400h-04FFh -ABANK5=0500h-05FFh -ASFR=0F60h-0FFFh \
  -preset_vec=00h,intcode,intcodelo,powerup,init -pramtop=0600h \
  -psmallconst=SMALLCONST -pmediumconst=MEDIUMCONST -pconst=CONST \
  -AFARRAM=00h-00h -ACONFIG=0300000h-030000Dh -pconfig=CONFIG \
  -AIDLOC=0200000h-0200007h -pidloc=IDLOC -AEEDATA=0F00000h-0F000FFh \
  -peeprom_data=EEDATA \
  -prdata=COMRAM,nvrram=COMRAM,nvbit=COMRAM,rbss=COMRAM,rbit=COMRAM \
  -pfarbss=FARRAM,fardata=FARRAM,nvFARRAM=FARRAM \
  -pintsave_regs=BIGRAM,bigbss=BIGRAM,bigdata=BIGRAM -pbss=RAM \
  -pidata=CODE,irdata=CODE,ibigdata=CODE,ifardata=CODE -pparam0=BANK0 \
  C:\Users\Youlian\AppData\Local\Temp\s29c.o \
  dist/Mini_board_config/production\labo6.production.o 

Object code version is 3.11

Machine type is 18F45K20

Call graph: (short form)




                Name                               Link     Load   Length Selector   Space Scale
C:\Users\Youlian\AppData\Local\Temp\s29c.o
                init                                  0        0        4        0       0
                idloc                            200000   200000        8   200000       0
                config                           300000   300000        E   300000       0
dist/Mini_board_config/production\labo6.production.o
                smallconst                          600      600       1A      300       0
                text30                             258E     258E       28      30D       0
                text29                             2634     2634        6      30D       0
                text28                             2484     2484       42      30D       0
                text27                             25FA     25FA       1C      30D       0
                text26                             262C     262C        8      30D       0
                text25                             22A6     22A6       6C      30D       0
                text24                             21C8     21C8       72      30D       0
                text23                             2506     2506       34      30D       0
                text22                             2430     2430       54      30D       0
                text21                             1F16     1F16       B4      30D       0
                text20                             207C     207C       AA      30D       0
                text19                             114E     114E      2EE      30D       0
                text18                             1818     1818      18A      30D       0
                text17                             253A     253A       2C      30D       0
                text16                             19A2     19A2      186      30D       0
                text15                             2616     2616        E      30D       0
                text14                             1CA2     1CA2      17A      30D       0
                text13                             1B28     1B28      17A      30D       0
                text12                             25DC     25DC       1E      30D       0
                text11                             25B6     25B6       26      30D       0
                text10                             2624     2624        8      30D       0
                text9                              2126     2126       A2      30D       0
                text8                              2312     2312       6A      30D       0
                text7                              2566     2566       28      30D       0
                text6                               61A      61A      B34      30D       0
                text5                              143C     143C      1FA      30D       0
                text4                              1FCA     1FCA       B2      30D       0
                text3                              223A     223A       6C      30D       0
                text2                              23DA     23DA       56      30D       0
                text1                              1636     1636      1E2      30D       0
                text0                              1E1C     1E1C       FA      30D       0
                cstackBANK0                          B4       B4       29       60       1
                dataBANK1                           154      154       40      100       1
                bssBANK1                            100      100       54      100       1
                dataBANK0                            DD       DD        4       60       1
                bssBANK0                             60       60       54       60       1
                cinit                              237C     237C       5E      30D       0
                idataBANK1                         24C6     24C6       40      30D       0
                idataBANK0                         263A     263A        4      30D       0

TOTAL           Name                               Link     Load   Length     Space
        CLASS   STACK          

        CLASS   CODE           
                init                                  0        0        4         0
                text30                             258E     258E       28         0
                text29                             2634     2634        6         0
                text28                             2484     2484       42         0
                text27                             25FA     25FA       1C         0
                text26                             262C     262C        8         0
                text25                             22A6     22A6       6C         0
                text24                             21C8     21C8       72         0
                text23                             2506     2506       34         0
                text22                             2430     2430       54         0
                text21                             1F16     1F16       B4         0
                text20                             207C     207C       AA         0
                text19                             114E     114E      2EE         0
                text18                             1818     1818      18A         0
                text17                             253A     253A       2C         0
                text16                             19A2     19A2      186         0
                text15                             2616     2616        E         0
                text14                             1CA2     1CA2      17A         0
                text13                             1B28     1B28      17A         0
                text12                             25DC     25DC       1E         0
                text11                             25B6     25B6       26         0
                text10                             2624     2624        8         0
                text9                              2126     2126       A2         0
                text8                              2312     2312       6A         0
                text7                              2566     2566       28         0
                text6                               61A      61A      B34         0
                text5                              143C     143C      1FA         0
                text4                              1FCA     1FCA       B2         0
                text3                              223A     223A       6C         0
                text2                              23DA     23DA       56         0
                text1                              1636     1636      1E2         0
                text0                              1E1C     1E1C       FA         0
                cinit                              237C     237C       5E         0
                idataBANK1                         24C6     24C6       40         0
                idataBANK0                         263A     263A        4         0

        CLASS   CONST          

        CLASS   SMALLCONST     
                smallconst                          600      600       1A         0

        CLASS   MEDIUMCONST    

        CLASS   COMRAM         

        CLASS   ABS1           

        CLASS   BIGRAM         

        CLASS   RAM            

        CLASS   BANK0          
                cstackBANK0                          B4       B4       29         1
                dataBANK0                            DD       DD        4         1
                bssBANK0                             60       60       54         1

        CLASS   BANK1          
                dataBANK1                           154      154       40         1
                bssBANK1                            100      100       54         1

        CLASS   BANK2          

        CLASS   BANK3          

        CLASS   BANK4          

        CLASS   BANK5          

        CLASS   SFR            

        CLASS   FARRAM         

        CLASS   CONFIG         
                config                           300000   300000        E         0

        CLASS   IDLOC          
                idloc                            200000   200000        8         0

        CLASS   EEDATA         



SEGMENTS        Name                           Load    Length   Top    Selector   Space  Class

                reset_vec                      000000  000004  000004         0       0  CODE    
                bssBANK0                       000060  000081  0000E1        60       1  BANK0   
                bssBANK1                       000100  000094  000194       100       1  BANK1   
                smallconst                     000600  00001A  00061A       300       0  SMALLCON
                text6                          00061A  002024  00263E       30D       0  CODE    
                idloc                          200000  000008  200008    200000       0  IDLOC   
                config                         300000  00000E  30000E    300000       0  CONFIG  


UNUSED ADDRESS RANGES

        Name                Unused          Largest block    Delta
        BANK0            0000E1-0000FF               1F
        BANK1            000194-0001FF               6C
        BANK2            000200-0002FF              100
        BANK3            000300-0003FF              100
        BANK4            000400-0004FF              100
        BANK5            000500-0005FF              100
        BIGRAM           000001-00005F               5F
                         0000E1-0000FF               1F
                         000194-0005FF              46C
        CODE             000004-0005FF              5FC
                         00263E-007FFF             59C2
        COMRAM           000001-00005F               5F
        CONST            000004-0005FF              5FC
                         00263E-007FFF             59C2
        EEDATA           F00000-F000FF              100
        MEDIUMCONST      00263E-007FFF             59C2
        RAM              0000E1-0000FF               1F
                         000194-0005FF              100
        SFR              000F60-000FFF               A0
        SMALLCONST       00263E-007FFF              100
        STACK            000194-0005FF              46C

                                  Symbol Table

?___awmod                     cstackBANK0  0000C2
?___lmul                      cstackBANK0  0000B4
?___wmul                      cstackBANK0  0000B4
?_rand                        cstackBANK0  0000C0
_ADCON0bits                   (abs)        000FC2
_ADCON1                       (abs)        000FC1
_ADCON2bits                   (abs)        000FC0
_ADRESH                       (abs)        000FC4
_ANSEL                        (abs)        000F7E
_ANSELH                       (abs)        000F7F
_ANSELbits                    (abs)        000F7E
_BAUDCONbits                  (abs)        000FB8
_PORTAbits                    (abs)        000F80
_PORTBbits                    (abs)        000F81
_PORTD                        (abs)        000F83
_RCIF                         (abs)        007CF5
_RCREG                        (abs)        000FAE
_RCSTAbits                    (abs)        000FAB
_SPBRG                        (abs)        000FAF
_SPBRGH                       (abs)        000FB0
_TRISA                        (abs)        000F92
_TRISB                        (abs)        000F93
_TRISCbits                    (abs)        000F94
_TRISD                        (abs)        000F95
_TXREG                        (abs)        000FAD
_TXSTAbits                    (abs)        000FAC
__CFG_BOREN$SBORDIS           (abs)        000000
__CFG_BORV$18                 (abs)        000000
__CFG_CCP2MX$PORTC            (abs)        000000
__CFG_CP0$OFF                 (abs)        000000
__CFG_CP1$OFF                 (abs)        000000
__CFG_CP2$OFF                 (abs)        000000
__CFG_CP3$OFF                 (abs)        000000
__CFG_CPB$OFF                 (abs)        000000
__CFG_CPD$OFF                 (abs)        000000
__CFG_EBTR0$OFF               (abs)        000000
__CFG_EBTR1$OFF               (abs)        000000
__CFG_EBTR2$OFF               (abs)        000000
__CFG_EBTR3$OFF               (abs)        000000
__CFG_EBTRB$OFF               (abs)        000000
__CFG_FCMEN$OFF               (abs)        000000
__CFG_FOSC$INTIO67            (abs)        000000
__CFG_HFOFST$ON               (abs)        000000
__CFG_IESO$OFF                (abs)        000000
__CFG_LPT1OSC$OFF             (abs)        000000
__CFG_LVP$OFF                 (abs)        000000
__CFG_MCLRE$ON                (abs)        000000
__CFG_PBADEN$ON               (abs)        000000
__CFG_PWRT$OFF                (abs)        000000
__CFG_STVREN$ON               (abs)        000000
__CFG_WDTEN$OFF               (abs)        000000
__CFG_WDTPS$32768             (abs)        000000
__CFG_WRT0$OFF                (abs)        000000
__CFG_WRT1$OFF                (abs)        000000
__CFG_WRT2$OFF                (abs)        000000
__CFG_WRT3$OFF                (abs)        000000
__CFG_WRTB$OFF                (abs)        000000
__CFG_WRTC$OFF                (abs)        000000
__CFG_WRTD$OFF                (abs)        000000
__CFG_XINST$OFF               (abs)        000000
__HRAM                        (abs)        000000
__Habs1                       abs1         000000
__Hbank0                      bank0        000000
__Hbank1                      bank1        000000
__Hbank2                      bank2        000000
__Hbank3                      bank3        000000
__Hbank4                      bank4        000000
__Hbank5                      bank5        000000
__Hbigbss                     bigbss       000000
__Hbigdata                    bigdata      000000
__Hbigram                     bigram       000000
__Hbss                        bss          000000
__HbssBANK0                   bssBANK0     000000
__HbssBANK1                   bssBANK1     000000
__Hcinit                      cinit        000000
__Hclrtext                    clrtext      000000
__Hcomram                     comram       000000
__Hconfig                     config       30000E
__Hconst                      const        000000
__HcstackBANK0                cstackBANK0  000000
__Hdata                       data         000000
__HdataBANK0                  dataBANK0    000000
__HdataBANK1                  dataBANK1    000000
__Heeprom_data                eeprom_data  000000
__Hfarbss                     farbss       000000
__Hfardata                    fardata      000000
__Hibigdata                   ibigdata     000000
__Hidata                      idata        000000
__HidataBANK0                 idataBANK0   000000
__HidataBANK1                 idataBANK1   000000
__Hidloc                      idloc        200008
__Hifardata                   ifardata     000000
__Hinit                       init         000004
__Hintcode                    intcode      000000
__Hintcode_body               intcode_body 000000
__Hintcodelo                  intcodelo    000000
__Hintentry                   intentry     000000
__Hintret                     intret       000000
__Hintsave_regs               intsave_regs 000000
__Hirdata                     irdata       000000
__Hmediumconst                mediumconst  000000
__HnvFARRAM                   nvFARRAM     000000
__Hnvbit                      nvbit        000000
__Hnvrram                     nvrram       000000
__Hparam                      param0       000000
__Hparam0                     param0       000000
__Hpowerup                    powerup      000000
__Hram                        ram          000000
__Hramtop                     ramtop       000600
__Hrbit                       rbit         000000
__Hrbss                       rbss         000000
__Hrdata                      rdata        000000
__Hreset_vec                  reset_vec    000000
__Hsfr                        sfr          000000
__Hsmallconst                 smallconst   00061A
__Hspace_0                    (abs)        30000E
__Hspace_1                    (abs)        000194
__Hspace_2                    (abs)        000000
__Hstack                      stack        000000
__Hstruct                     struct       000000
__Htemp                       temp         000000
__Htext                       text         000000
__Htext0                      text0        000000
__Htext1                      text1        000000
__Htext10                     text10       000000
__Htext11                     text11       000000
__Htext12                     text12       000000
__Htext13                     text13       000000
__Htext14                     text14       000000
__Htext15                     text15       000000
__Htext16                     text16       000000
__Htext17                     text17       000000
__Htext18                     text18       000000
__Htext19                     text19       000000
__Htext2                      text2        000000
__Htext20                     text20       000000
__Htext21                     text21       000000
__Htext22                     text22       000000
__Htext23                     text23       000000
__Htext24                     text24       000000
__Htext25                     text25       000000
__Htext26                     text26       000000
__Htext27                     text27       000000
__Htext28                     text28       000000
__Htext29                     text29       000000
__Htext3                      text3        000000
__Htext30                     text30       000000
__Htext4                      text4        000000
__Htext5                      text5        000000
__Htext6                      text6        000000
__Htext7                      text7        000000
__Htext8                      text8        000000
__Htext9                      text9        000000
__LRAM                        (abs)        000001
__Labs1                       abs1         000000
__Lbank0                      bank0        000000
__Lbank1                      bank1        000000
__Lbank2                      bank2        000000
__Lbank3                      bank3        000000
__Lbank4                      bank4        000000
__Lbank5                      bank5        000000
__Lbigbss                     bigbss       000000
__Lbigdata                    bigdata      000000
__Lbigram                     bigram       000000
__Lbss                        bss          000000
__LbssBANK0                   bssBANK0     000000
__LbssBANK1                   bssBANK1     000000
__Lcinit                      cinit        000000
__Lclrtext                    clrtext      000000
__Lcomram                     comram       000000
__Lconfig                     config       300000
__Lconst                      const        000000
__LcstackBANK0                cstackBANK0  000000
__Ldata                       data         000000
__LdataBANK0                  dataBANK0    000000
__LdataBANK1                  dataBANK1    000000
__Leeprom_data                eeprom_data  000000
__Lfarbss                     farbss       000000
__Lfardata                    fardata      000000
__Libigdata                   ibigdata     000000
__Lidata                      idata        000000
__LidataBANK0                 idataBANK0   000000
__LidataBANK1                 idataBANK1   000000
__Lidloc                      idloc        200000
__Lifardata                   ifardata     000000
__Linit                       init         000000
__Lintcode                    intcode      000000
__Lintcode_body               intcode_body 000000
__Lintcodelo                  intcodelo    000000
__Lintentry                   intentry     000000
__Lintret                     intret       000000
__Lintsave_regs               intsave_regs 000000
__Lirdata                     irdata       000000
__Lmediumconst                mediumconst  000000
__LnvFARRAM                   nvFARRAM     000000
__Lnvbit                      nvbit        000000
__Lnvrram                     nvrram       000000
__Lparam                      param0       000000
__Lparam0                     param0       000000
__Lpowerup                    powerup      000000
__Lram                        ram          000000
__Lramtop                     ramtop       000600
__Lrbit                       rbit         000000
__Lrbss                       rbss         000000
__Lrdata                      rdata        000000
__Lreset_vec                  reset_vec    000000
__Lsfr                        sfr          000000
__Lsmallconst                 smallconst   000600
__Lspace_0                    (abs)        000000
__Lspace_1                    (abs)        000000
__Lspace_2                    (abs)        000000
__Lstack                      stack        000000
__Lstruct                     struct       000000
__Ltemp                       temp         000000
__Ltext                       text         000000
__Ltext0                      text0        000000
__Ltext1                      text1        000000
__Ltext10                     text10       000000
__Ltext11                     text11       000000
__Ltext12                     text12       000000
__Ltext13                     text13       000000
__Ltext14                     text14       000000
__Ltext15                     text15       000000
__Ltext16                     text16       000000
__Ltext17                     text17       000000
__Ltext18                     text18       000000
__Ltext19                     text19       000000
__Ltext2                      text2        000000
__Ltext20                     text20       000000
__Ltext21                     text21       000000
__Ltext22                     text22       000000
__Ltext23                     text23       000000
__Ltext24                     text24       000000
__Ltext25                     text25       000000
__Ltext26                     text26       000000
__Ltext27                     text27       000000
__Ltext28                     text28       000000
__Ltext29                     text29       000000
__Ltext3                      text3        000000
__Ltext30                     text30       000000
__Ltext4                      text4        000000
__Ltext5                      text5        000000
__Ltext6                      text6        000000
__Ltext7                      text7        000000
__Ltext8                      text8        000000
__Ltext9                      text9        000000
__S0                          (abs)        30000E
__S1                          (abs)        000194
__S2                          (abs)        000000
___awmod                      text4        001FCA
___awmod@counter              cstackBANK0  0000C6
___awmod@dividend             cstackBANK0  0000C2
___awmod@divisor              cstackBANK0  0000C4
___awmod@sign                 cstackBANK0  0000C7
___inthi_sp                   stack        000000
___intlo_sp                   stack        000000
___lmul                       text3        00223A
___lmul@multiplicand          cstackBANK0  0000B8
___lmul@multiplier            cstackBANK0  0000B4
___lmul@product               cstackBANK0  0000BC
___param_bank                 (abs)        000000
___rparam_used                (abs)        000000
___sp                         stack        000000
___wmul                       text30       00258E
___wmul@multiplicand          cstackBANK0  0000B6
___wmul@multiplier            cstackBANK0  0000B4
___wmul@product               cstackBANK0  0000B8
__accesstop                   (abs)        000060
__activetblptr                (abs)        000003
__end_of___awmod              text4        00207C
__end_of___lmul               text3        0022A6
__end_of___wmul               text30       0025B6
__end_of__initialization      cinit        0023D4
__end_of_afficheTabVue        text20       002126
__end_of_calculToucheCombien  text6        00114E
__end_of_demine               text18       0019A2
__end_of_deplace              text16       001B28
__end_of_enleveTuilesAutour   text19       00143C
__end_of_gagne                text14       001E1C
__end_of_getAnalog            text17       002566
__end_of_initTabVue           text13       001CA2
__end_of_init_serie           text12       0025FA
__end_of_initialisation       text11       0025DC
__end_of_lcd_busy             text28       0024C6
__end_of_lcd_curseurHome      text10       00262C
__end_of_lcd_ecrireDonnees    text27       002616
__end_of_lcd_ecritChar        text22       002484
__end_of_lcd_effaceAffichage  text15       002624
__end_of_lcd_gotoXY           text24       00223A
__end_of_lcd_init             text7        00258E
__end_of_lcd_initCGRam        text9        0021C8
__end_of_lcd_lireDonnees      text29       00263A
__end_of_lcd_putMessage       text21       001FCA
__end_of_lcd_resetSequence    text8        00237C
__end_of_lcd_strobeEnableBit  text26       002634
__end_of_lcd_wrCom            text25       002312
__end_of_lcd_wrData           text23       00253A
__end_of_main                 text0        001F16
__end_of_metToucheCombien     text5        001636
__end_of_rand                 text2        002430
__end_of_rempliMines          text1        001818
__initialization              cinit        00237C
__mediumconst                 mediumconst  000000
__pbssBANK0                   bssBANK0     000060
__pbssBANK1                   bssBANK1     000100
__pcinit                      cinit        00237C
__pcstackBANK0                cstackBANK0  0000B4
__pdataBANK0                  dataBANK0    0000DD
__pdataBANK1                  dataBANK1    000154
__pidataBANK0                 idataBANK0   00263A
__pidataBANK1                 idataBANK1   0024C6
__psmallconst                 smallconst   000600
__ptext0                      text0        001E1C
__ptext1                      text1        001636
__ptext10                     text10       002624
__ptext11                     text11       0025B6
__ptext12                     text12       0025DC
__ptext13                     text13       001B28
__ptext14                     text14       001CA2
__ptext15                     text15       002616
__ptext16                     text16       0019A2
__ptext17                     text17       00253A
__ptext18                     text18       001818
__ptext19                     text19       00114E
__ptext2                      text2        0023DA
__ptext20                     text20       00207C
__ptext21                     text21       001F16
__ptext22                     text22       002430
__ptext23                     text23       002506
__ptext24                     text24       0021C8
__ptext25                     text25       0022A6
__ptext26                     text26       00262C
__ptext27                     text27       0025FA
__ptext28                     text28       002484
__ptext29                     text29       002634
__ptext3                      text3        00223A
__ptext30                     text30       00258E
__ptext4                      text4        001FCA
__ptext5                      text5        00143C
__ptext6                      text6        00061A
__ptext7                      text7        002566
__ptext8                      text8        002312
__ptext9                      text9        002126
__ramtop                      ramtop       000600
__size_of___awmod             (abs)        000000
__size_of___lmul              (abs)        000000
__size_of___wmul              (abs)        000000
__size_of_afficheTabVue       (abs)        000000
__size_of_calculToucheCombien (abs)        000000
__size_of_demine              (abs)        000000
__size_of_deplace             (abs)        000000
__size_of_enleveTuilesAutour  (abs)        000000
__size_of_gagne               (abs)        000000
__size_of_getAnalog           (abs)        000000
__size_of_initTabVue          (abs)        000000
__size_of_init_serie          (abs)        000000
__size_of_initialisation      (abs)        000000
__size_of_lcd_busy            (abs)        000000
__size_of_lcd_curseurHome     (abs)        000000
__size_of_lcd_ecrireDonnees   (abs)        000000
__size_of_lcd_ecritChar       (abs)        000000
__size_of_lcd_effaceAffichage (abs)        000000
__size_of_lcd_gotoXY          (abs)        000000
__size_of_lcd_init            (abs)        000000
__size_of_lcd_initCGRam       (abs)        000000
__size_of_lcd_lireDonnees     (abs)        000000
__size_of_lcd_putMessage      (abs)        000000
__size_of_lcd_resetSequence   (abs)        000000
__size_of_lcd_strobeEnableBit (abs)        000000
__size_of_lcd_wrCom           (abs)        000000
__size_of_lcd_wrData          (abs)        000000
__size_of_main                (abs)        000000
__size_of_metToucheCombien    (abs)        000000
__size_of_rand                (abs)        000000
__size_of_rempliMines         (abs)        000000
__smallconst                  smallconst   000600
_afficheTabVue                text20       00207C
_calculToucheCombien          text6        00061A
_demine                       text18       001818
_deplace                      text16       0019A2
_enleveTuilesAutour           text19       00114E
_gagne                        text14       001CA2
_getAnalog                    text17       00253A
_initTabVue                   text13       001B28
_init_serie                   text12       0025DC
_initialisation               text11       0025B6
_lcd_busy                     text28       002484
_lcd_curseurHome              text10       002624
_lcd_ecrireDonnees            text27       0025FA
_lcd_ecritChar                text22       002430
_lcd_effaceAffichage          text15       002616
_lcd_gotoXY                   text24       0021C8
_lcd_init                     text7        002566
_lcd_initCGRam                text9        002126
_lcd_lireDonnees              text29       002634
_lcd_putMessage               text21       001F16
_lcd_resetSequence            text8        002312
_lcd_strobeEnableBit          text26       00262C
_lcd_wrCom                    text25       0022A6
_lcd_wrData                   text23       002506
_m_tabMines                   bssBANK0     000060
_m_tabVue                     bssBANK1     000100
_main                         text0        001E1C
_matCGRAM                     dataBANK1    000154
_metToucheCombien             text5        00143C
_rand                         text2        0023DA
_randx                        dataBANK0    0000DD
_rempliMines                  text1        001636
afficheTabVue@i               cstackBANK0  0000C5
calculToucheCombien@colonne   cstackBANK0  0000BC
calculToucheCombien@i         cstackBANK0  0000C7
calculToucheCombien@j         cstackBANK0  0000C5
calculToucheCombien@ligne     cstackBANK0  0000BA
calculToucheCombien@nb_mine   cstackBANK0  0000C3
demine@mine                   cstackBANK0  0000CB
demine@x                      cstackBANK0  0000CC
demine@y                      cstackBANK0  0000C6
deplace@x                     cstackBANK0  0000B9
deplace@y                     cstackBANK0  0000BB
end_of_initialization         cinit        0023D4
enleveTuilesAutour@i          cstackBANK0  0000C4
enleveTuilesAutour@j          cstackBANK0  0000C2
enleveTuilesAutour@mine       cstackBANK0  0000BF
enleveTuilesAutour@x          cstackBANK0  0000C1
enleveTuilesAutour@y          cstackBANK0  0000BA
gagne@gagne                   cstackBANK0  0000C1
gagne@i                       cstackBANK0  0000C2
gagne@j                       cstackBANK0  0000C4
gagne@nb_Tuile                cstackBANK0  0000BF
gagne@pMines                  cstackBANK0  0000BA
getAnalog@canal               cstackBANK0  0000B5
initTabVue@i                  cstackBANK0  0000BC
initTabVue@j                  cstackBANK0  0000BE
intlevel0                     text         000000
intlevel1                     text         000000
intlevel2                     text         000000
intlevel3                     text         000000
lcd_busy@adresse              cstackBANK0  0000B5
lcd_ecrireDonnees@donnee      cstackBANK0  0000B5
lcd_ecritChar@car             cstackBANK0  0000B7
lcd_ecritChar@posRam          cstackBANK0  0000B8
lcd_gotoXY@x                  cstackBANK0  0000B8
lcd_gotoXY@y                  cstackBANK0  0000B7
lcd_initCGRam@i               cstackBANK0  0000B9
lcd_initCGRam@j               cstackBANK0  0000BA
lcd_putMessage@chaine         cstackBANK0  0000BA
lcd_putMessage@j              cstackBANK0  0000C2
lcd_wrCom@commande            cstackBANK0  0000B6
lcd_wrData@caractere          cstackBANK0  0000B6
main@NBMines                  cstackBANK0  0000D9
main@x                        cstackBANK0  0000DB
main@y                        cstackBANK0  0000DC
metToucheCombien@i            cstackBANK0  0000CE
metToucheCombien@j            cstackBANK0  0000D0
metToucheCombien@mine         cstackBANK0  0000CC
rempliMines@i                 cstackBANK0  0000CD
rempliMines@i_384             cstackBANK0  0000D4
rempliMines@j                 cstackBANK0  0000CF
rempliMines@j_385             cstackBANK0  0000D6
rempliMines@nb                cstackBANK0  0000C8
rempliMines@nbMine            cstackBANK0  0000D3
rempliMines@x                 cstackBANK0  0000D1
rempliMines@y                 cstackBANK0  0000D2
stackhi                       (abs)        0005FF
stacklo                       (abs)        000194
start                         init         000000
start_initialization          cinit        00237C


FUNCTION INFORMATION:

 *************** function _main *****************
 Defined at:
		line 51 in file "main.c"
 Parameters:    Size  Location     Type
		None
 Auto vars:     Size  Location     Type
  NBMines         2   37[BANK0 ] int 
  y               1   40[BANK0 ] unsigned char 
  x               1   39[BANK0 ] unsigned char 
 Return value:  Size  Location     Type
                  1    wreg      void 
 Registers used:
		wreg, fsr0l, fsr0h, fsr1l, fsr1h, fsr2l, fsr2h, status,2, status,0, tblptrl, tblptrh, tblptru, prodl, prodh, cstack
 Tracked objects:
		On entry : 
		On exit  : 
		Unchanged: 
 Data sizes:     COMRAM   BANK0   BANK1   BANK2   BANK3   BANK4   BANK5
      Params:         0       0       0       0       0       0       0
      Locals:         0       4       0       0       0       0       0
      Temps:          0       1       0       0       0       0       0
      Totals:         0       5       0       0       0       0       0
Total ram usage:        5 bytes
 Hardware stack levels required when called:    6
 This function calls:
		_afficheTabVue
		_demine
		_deplace
		_gagne
		_initTabVue
		_init_serie
		_initialisation
		_lcd_curseurHome
		_lcd_init
		_lcd_putMessage
		_metToucheCombien
		_rempliMines
 This function is called by:
		Startup code after reset
 This function uses a non-reentrant model


 *************** function _rempliMines *****************
 Defined at:
		line 161 in file "main.c"
 Parameters:    Size  Location     Type
  nb              2   20[BANK0 ] int 
 Auto vars:     Size  Location     Type
  j               2   34[BANK0 ] int 
  i               2   32[BANK0 ] int 
  j               2   27[BANK0 ] int 
  i               2   25[BANK0 ] int 
  nbMine          1   31[BANK0 ] unsigned char 
  y               1   30[BANK0 ] unsigned char 
  x               1   29[BANK0 ] unsigned char 
 Return value:  Size  Location     Type
                  1    wreg      void 
 Registers used:
		wreg, fsr2l, fsr2h, status,2, status,0, prodl, prodh, cstack
 Tracked objects:
		On entry : 
		On exit  : 
		Unchanged: 
 Data sizes:     COMRAM   BANK0   BANK1   BANK2   BANK3   BANK4   BANK5
      Params:         0       2       0       0       0       0       0
      Locals:         0      11       0       0       0       0       0
      Temps:          0       3       0       0       0       0       0
      Totals:         0      16       0       0       0       0       0
Total ram usage:       16 bytes
 Hardware stack levels used:    1
 Hardware stack levels required when called:    2
 This function calls:
		___awmod
		___wmul
		_rand
 This function is called by:
		_main
 This function uses a non-reentrant model


 *************** function _rand *****************
 Defined at:
		line 12 in file "C:\Program Files (x86)\Microchip\xc8\v2.10\pic\sources\c90\common\rand.c"
 Parameters:    Size  Location     Type
		None
 Auto vars:     Size  Location     Type
		None
 Return value:  Size  Location     Type
                  2   12[BANK0 ] int 
 Registers used:
		wreg, status,2, status,0, cstack
 Tracked objects:
		On entry : 
		On exit  : 
		Unchanged: 
 Data sizes:     COMRAM   BANK0   BANK1   BANK2   BANK3   BANK4   BANK5
      Params:         0       2       0       0       0       0       0
      Locals:         0       0       0       0       0       0       0
      Temps:          0       0       0       0       0       0       0
      Totals:         0       2       0       0       0       0       0
Total ram usage:        2 bytes
 Hardware stack levels used:    1
 Hardware stack levels required when called:    1
 This function calls:
		___lmul
 This function is called by:
		_rempliMines
 This function uses a non-reentrant model


 *************** function ___lmul *****************
 Defined at:
		line 15 in file "C:\Program Files (x86)\Microchip\xc8\v2.10\pic\sources\c90\common\Umul32.c"
 Parameters:    Size  Location     Type
  multiplier      4    0[BANK0 ] unsigned long 
  multiplicand    4    4[BANK0 ] unsigned long 
 Auto vars:     Size  Location     Type
  product         4    8[BANK0 ] unsigned long 
 Return value:  Size  Location     Type
                  4    0[BANK0 ] unsigned long 
 Registers used:
		wreg, status,2, status,0
 Tracked objects:
		On entry : 
		On exit  : 
		Unchanged: 
 Data sizes:     COMRAM   BANK0   BANK1   BANK2   BANK3   BANK4   BANK5
      Params:         0       8       0       0       0       0       0
      Locals:         0       4       0       0       0       0       0
      Temps:          0       0       0       0       0       0       0
      Totals:         0      12       0       0       0       0       0
Total ram usage:       12 bytes
 Hardware stack levels used:    1
 This function calls:
		Nothing
 This function is called by:
		_rand
 This function uses a non-reentrant model


 *************** function ___awmod *****************
 Defined at:
		line 7 in file "C:\Program Files (x86)\Microchip\xc8\v2.10\pic\sources\c90\common\awmod.c"
 Parameters:    Size  Location     Type
  dividend        2   14[BANK0 ] int 
  divisor         2   16[BANK0 ] int 
 Auto vars:     Size  Location     Type
  sign            1   19[BANK0 ] unsigned char 
  counter         1   18[BANK0 ] unsigned char 
 Return value:  Size  Location     Type
                  2   14[BANK0 ] int 
 Registers used:
		wreg, status,2, status,0
 Tracked objects:
		On entry : 
		On exit  : 
		Unchanged: 
 Data sizes:     COMRAM   BANK0   BANK1   BANK2   BANK3   BANK4   BANK5
      Params:         0       4       0       0       0       0       0
      Locals:         0       2       0       0       0       0       0
      Temps:          0       0       0       0       0       0       0
      Totals:         0       6       0       0       0       0       0
Total ram usage:        6 bytes
 Hardware stack levels used:    1
 This function calls:
		Nothing
 This function is called by:
		_rempliMines
 This function uses a non-reentrant model


 *************** function _metToucheCombien *****************
 Defined at:
		line 198 in file "main.c"
 Parameters:    Size  Location     Type
		None
 Auto vars:     Size  Location     Type
  j               2   28[BANK0 ] int 
  i               2   26[BANK0 ] int 
  mine            2   24[BANK0 ] int 
 Return value:  Size  Location     Type
                  1    wreg      void 
 Registers used:
		wreg, fsr2l, fsr2h, status,2, status,0, prodl, prodh, cstack
 Tracked objects:
		On entry : 
		On exit  : 
		Unchanged: 
 Data sizes:     COMRAM   BANK0   BANK1   BANK2   BANK3   BANK4   BANK5
      Params:         0       0       0       0       0       0       0
      Locals:         0       6       0       0       0       0       0
      Temps:          0       3       0       0       0       0       0
      Totals:         0       9       0       0       0       0       0
Total ram usage:        9 bytes
 Hardware stack levels used:    1
 Hardware stack levels required when called:    2
 This function calls:
		___wmul
		_calculToucheCombien
 This function is called by:
		_main
 This function uses a non-reentrant model


 *************** function _calculToucheCombien *****************
 Defined at:
		line 230 in file "main.c"
 Parameters:    Size  Location     Type
  ligne           2    6[BANK0 ] int 
  colonne         2    8[BANK0 ] int 
 Auto vars:     Size  Location     Type
  i               2   19[BANK0 ] int 
  j               2   17[BANK0 ] int 
  nb_mine         2   15[BANK0 ] int 
 Return value:  Size  Location     Type
                  1    wreg      unsigned char 
 Registers used:
		wreg, fsr2l, fsr2h, status,2, status,0, prodl, prodh, cstack
 Tracked objects:
		On entry : 
		On exit  : 
		Unchanged: 
 Data sizes:     COMRAM   BANK0   BANK1   BANK2   BANK3   BANK4   BANK5
      Params:         0       4       0       0       0       0       0
      Locals:         0       6       0       0       0       0       0
      Temps:          0       5       0       0       0       0       0
      Totals:         0      15       0       0       0       0       0
Total ram usage:       15 bytes
 Hardware stack levels used:    1
 Hardware stack levels required when called:    1
 This function calls:
		___wmul
 This function is called by:
		_metToucheCombien
 This function uses a non-reentrant model


 *************** function _lcd_init *****************
 Defined at:
		line 258 in file "Lcd4Lignes.c"
 Parameters:    Size  Location     Type
		None
 Auto vars:     Size  Location     Type
		None
 Return value:  Size  Location     Type
                  1    wreg      void 
 Registers used:
		wreg, fsr2l, fsr2h, status,2, status,0, prodl, prodh, cstack
 Tracked objects:
		On entry : 
		On exit  : 
		Unchanged: 
 Data sizes:     COMRAM   BANK0   BANK1   BANK2   BANK3   BANK4   BANK5
      Params:         0       0       0       0       0       0       0
      Locals:         0       0       0       0       0       0       0
      Temps:          0       0       0       0       0       0       0
      Totals:         0       0       0       0       0       0       0
Total ram usage:        0 bytes
 Hardware stack levels used:    1
 Hardware stack levels required when called:    5
 This function calls:
		_lcd_initCGRam
		_lcd_resetSequence
		_lcd_wrCom
 This function is called by:
		_main
 This function uses a non-reentrant model


 *************** function _lcd_resetSequence *****************
 Defined at:
		line 221 in file "Lcd4Lignes.c"
 Parameters:    Size  Location     Type
		None
 Auto vars:     Size  Location     Type
		None
 Return value:  Size  Location     Type
                  1    wreg      void 
 Registers used:
		wreg, status,2, status,0, cstack
 Tracked objects:
		On entry : 
		On exit  : 
		Unchanged: 
 Data sizes:     COMRAM   BANK0   BANK1   BANK2   BANK3   BANK4   BANK5
      Params:         0       0       0       0       0       0       0
      Locals:         0       0       0       0       0       0       0
      Temps:          0       1       0       0       0       0       0
      Totals:         0       1       0       0       0       0       0
Total ram usage:        1 bytes
 Hardware stack levels used:    1
 Hardware stack levels required when called:    1
 This function calls:
		_lcd_ecrireDonnees
		_lcd_strobeEnableBit
 This function is called by:
		_lcd_init
 This function uses a non-reentrant model


 *************** function _lcd_initCGRam *****************
 Defined at:
		line 417 in file "Lcd4Lignes.c"
 Parameters:    Size  Location     Type
		None
 Auto vars:     Size  Location     Type
  j               1    6[BANK0 ] unsigned char 
  i               1    5[BANK0 ] unsigned char 
 Return value:  Size  Location     Type
                  1    wreg      void 
 Registers used:
		wreg, fsr2l, fsr2h, status,2, status,0, prodl, prodh, cstack
 Tracked objects:
		On entry : 
		On exit  : 
		Unchanged: 
 Data sizes:     COMRAM   BANK0   BANK1   BANK2   BANK3   BANK4   BANK5
      Params:         0       0       0       0       0       0       0
      Locals:         0       2       0       0       0       0       0
      Temps:          0       2       0       0       0       0       0
      Totals:         0       4       0       0       0       0       0
Total ram usage:        4 bytes
 Hardware stack levels used:    1
 Hardware stack levels required when called:    4
 This function calls:
		_lcd_curseurHome
		_lcd_wrCom
		_lcd_wrData
 This function is called by:
		_lcd_init
 This function uses a non-reentrant model


 *************** function _lcd_curseurHome *****************
 Defined at:
		line 288 in file "Lcd4Lignes.c"
 Parameters:    Size  Location     Type
		None
 Auto vars:     Size  Location     Type
		None
 Return value:  Size  Location     Type
                  1    wreg      void 
 Registers used:
		wreg, status,2, status,0, cstack
 Tracked objects:
		On entry : 
		On exit  : 
		Unchanged: 
 Data sizes:     COMRAM   BANK0   BANK1   BANK2   BANK3   BANK4   BANK5
      Params:         0       0       0       0       0       0       0
      Locals:         0       0       0       0       0       0       0
      Temps:          0       0       0       0       0       0       0
      Totals:         0       0       0       0       0       0       0
Total ram usage:        0 bytes
 Hardware stack levels used:    1
 Hardware stack levels required when called:    3
 This function calls:
		_lcd_wrCom
 This function is called by:
		_main
		_lcd_initCGRam
 This function uses a non-reentrant model


 *************** function _initialisation *****************
 Defined at:
		line 91 in file "main.c"
 Parameters:    Size  Location     Type
		None
 Auto vars:     Size  Location     Type
		None
 Return value:  Size  Location     Type
                  1    wreg      void 
 Registers used:
		wreg, status,2
 Tracked objects:
		On entry : 
		On exit  : 
		Unchanged: 
 Data sizes:     COMRAM   BANK0   BANK1   BANK2   BANK3   BANK4   BANK5
      Params:         0       0       0       0       0       0       0
      Locals:         0       0       0       0       0       0       0
      Temps:          0       0       0       0       0       0       0
      Totals:         0       0       0       0       0       0       0
Total ram usage:        0 bytes
 Hardware stack levels used:    1
 This function calls:
		Nothing
 This function is called by:
		_main
 This function uses a non-reentrant model


 *************** function _init_serie *****************
 Defined at:
		line 29 in file "serie.c"
 Parameters:    Size  Location     Type
		None
 Auto vars:     Size  Location     Type
		None
 Return value:  Size  Location     Type
                  1    wreg      void 
 Registers used:
		wreg, status,2
 Tracked objects:
		On entry : 
		On exit  : 
		Unchanged: 
 Data sizes:     COMRAM   BANK0   BANK1   BANK2   BANK3   BANK4   BANK5
      Params:         0       0       0       0       0       0       0
      Locals:         0       0       0       0       0       0       0
      Temps:          0       0       0       0       0       0       0
      Totals:         0       0       0       0       0       0       0
Total ram usage:        0 bytes
 Hardware stack levels used:    1
 This function calls:
		Nothing
 This function is called by:
		_main
 This function uses a non-reentrant model


 *************** function _initTabVue *****************
 Defined at:
		line 132 in file "main.c"
 Parameters:    Size  Location     Type
		None
 Auto vars:     Size  Location     Type
  j               2   10[BANK0 ] int 
  i               2    8[BANK0 ] int 
 Return value:  Size  Location     Type
                  1    wreg      void 
 Registers used:
		wreg, fsr2l, fsr2h, status,2, status,0, prodl, prodh, cstack
 Tracked objects:
		On entry : 
		On exit  : 
		Unchanged: 
 Data sizes:     COMRAM   BANK0   BANK1   BANK2   BANK3   BANK4   BANK5
      Params:         0       0       0       0       0       0       0
      Locals:         0       4       0       0       0       0       0
      Temps:          0       2       0       0       0       0       0
      Totals:         0       6       0       0       0       0       0
Total ram usage:        6 bytes
 Hardware stack levels used:    1
 Hardware stack levels required when called:    1
 This function calls:
		___wmul
 This function is called by:
		_main
 This function uses a non-reentrant model


 *************** function _gagne *****************
 Defined at:
		line 468 in file "main.c"
 Parameters:    Size  Location     Type
  pMines          2    6[BANK0 ] PTR int 
		 -> main@NBMines(2), 
 Auto vars:     Size  Location     Type
  j               2   16[BANK0 ] int 
  i               2   14[BANK0 ] int 
  nb_Tuile        2   11[BANK0 ] int 
  gagne           1   13[BANK0 ] unsigned char 
 Return value:  Size  Location     Type
                  1    wreg      unsigned char 
 Registers used:
		wreg, fsr2l, fsr2h, status,2, status,0, prodl, prodh, cstack
 Tracked objects:
		On entry : 
		On exit  : 
		Unchanged: 
 Data sizes:     COMRAM   BANK0   BANK1   BANK2   BANK3   BANK4   BANK5
      Params:         0       2       0       0       0       0       0
      Locals:         0       7       0       0       0       0       0
      Temps:          0       3       0       0       0       0       0
      Totals:         0      12       0       0       0       0       0
Total ram usage:       12 bytes
 Hardware stack levels used:    1
 Hardware stack levels required when called:    4
 This function calls:
		___wmul
		_lcd_effaceAffichage
 This function is called by:
		_main
 This function uses a non-reentrant model


 *************** function _lcd_effaceAffichage *****************
 Defined at:
		line 276 in file "Lcd4Lignes.c"
 Parameters:    Size  Location     Type
		None
 Auto vars:     Size  Location     Type
		None
 Return value:  Size  Location     Type
                  1    wreg      void 
 Registers used:
		wreg, status,2, status,0, cstack
 Tracked objects:
		On entry : 
		On exit  : 
		Unchanged: 
 Data sizes:     COMRAM   BANK0   BANK1   BANK2   BANK3   BANK4   BANK5
      Params:         0       0       0       0       0       0       0
      Locals:         0       0       0       0       0       0       0
      Temps:          0       0       0       0       0       0       0
      Totals:         0       0       0       0       0       0       0
Total ram usage:        0 bytes
 Hardware stack levels used:    1
 Hardware stack levels required when called:    3
 This function calls:
		_lcd_wrCom
 This function is called by:
		_gagne
 This function uses a non-reentrant model


 *************** function _deplace *****************
 Defined at:
		line 352 in file "main.c"
 Parameters:    Size  Location     Type
  x               2    5[BANK0 ] PTR unsigned char 
		 -> main@x(1), 
  y               2    7[BANK0 ] PTR unsigned char 
		 -> main@y(1), 
 Auto vars:     Size  Location     Type
		None
 Return value:  Size  Location     Type
                  1    wreg      void 
 Registers used:
		wreg, fsr2l, fsr2h, status,2, status,0, cstack
 Tracked objects:
		On entry : 
		On exit  : 
		Unchanged: 
 Data sizes:     COMRAM   BANK0   BANK1   BANK2   BANK3   BANK4   BANK5
      Params:         0       4       0       0       0       0       0
      Locals:         0       0       0       0       0       0       0
      Temps:          0       1       0       0       0       0       0
      Totals:         0       5       0       0       0       0       0
Total ram usage:        5 bytes
 Hardware stack levels used:    1
 Hardware stack levels required when called:    4
 This function calls:
		_getAnalog
		_lcd_gotoXY
 This function is called by:
		_main
 This function uses a non-reentrant model


 *************** function _getAnalog *****************
 Defined at:
		line 115 in file "main.c"
 Parameters:    Size  Location     Type
  canal           1    wreg     unsigned char 
 Auto vars:     Size  Location     Type
  canal           1    1[BANK0 ] unsigned char 
 Return value:  Size  Location     Type
                  1    wreg      unsigned char 
 Registers used:
		wreg, status,2, status,0
 Tracked objects:
		On entry : 
		On exit  : 
		Unchanged: 
 Data sizes:     COMRAM   BANK0   BANK1   BANK2   BANK3   BANK4   BANK5
      Params:         0       0       0       0       0       0       0
      Locals:         0       1       0       0       0       0       0
      Temps:          0       1       0       0       0       0       0
      Totals:         0       2       0       0       0       0       0
Total ram usage:        2 bytes
 Hardware stack levels used:    1
 This function calls:
		Nothing
 This function is called by:
		_deplace
 This function uses a non-reentrant model


 *************** function _demine *****************
 Defined at:
		line 397 in file "main.c"
 Parameters:    Size  Location     Type
  x               1    wreg     unsigned char 
  y               1   18[BANK0 ] unsigned char 
 Auto vars:     Size  Location     Type
  x               1   24[BANK0 ] unsigned char 
  mine            1   23[BANK0 ] unsigned char 
 Return value:  Size  Location     Type
                  1    wreg      unsigned char 
 Registers used:
		wreg, fsr1l, fsr1h, fsr2l, fsr2h, status,2, status,0, prodl, prodh, cstack
 Tracked objects:
		On entry : 
		On exit  : 
		Unchanged: 
 Data sizes:     COMRAM   BANK0   BANK1   BANK2   BANK3   BANK4   BANK5
      Params:         0       1       0       0       0       0       0
      Locals:         0       2       0       0       0       0       0
      Temps:          0       4       0       0       0       0       0
      Totals:         0       7       0       0       0       0       0
Total ram usage:        7 bytes
 Hardware stack levels used:    1
 Hardware stack levels required when called:    5
 This function calls:
		_enleveTuilesAutour
		_lcd_ecritChar
 This function is called by:
		_main
 This function uses a non-reentrant model


 *************** function _enleveTuilesAutour *****************
 Defined at:
		line 426 in file "main.c"
 Parameters:    Size  Location     Type
  x               1    wreg     unsigned char 
  y               1    6[BANK0 ] unsigned char 
 Auto vars:     Size  Location     Type
  x               1   13[BANK0 ] unsigned char 
  j               2   14[BANK0 ] int 
  i               2   16[BANK0 ] int 
  mine            2   11[BANK0 ] int 
 Return value:  Size  Location     Type
                  1    wreg      void 
 Registers used:
		wreg, fsr1l, fsr1h, fsr2l, fsr2h, status,2, status,0, prodl, prodh, cstack
 Tracked objects:
		On entry : 
		On exit  : 
		Unchanged: 
 Data sizes:     COMRAM   BANK0   BANK1   BANK2   BANK3   BANK4   BANK5
      Params:         0       1       0       0       0       0       0
      Locals:         0       7       0       0       0       0       0
      Temps:          0       4       0       0       0       0       0
      Totals:         0      12       0       0       0       0       0
Total ram usage:       12 bytes
 Hardware stack levels used:    1
 Hardware stack levels required when called:    4
 This function calls:
		___wmul
		_lcd_ecritChar
		_lcd_gotoXY
 This function is called by:
		_demine
 This function uses a non-reentrant model


 *************** function _afficheTabVue *****************
 Defined at:
		line 497 in file "main.c"
 Parameters:    Size  Location     Type
		None
 Auto vars:     Size  Location     Type
  i               2   17[BANK0 ] int 
 Return value:  Size  Location     Type
                  1    wreg      void 
 Registers used:
		wreg, fsr0l, fsr0h, status,2, status,0, tblptrl, tblptrh, tblptru, prodl, prodh, cstack
 Tracked objects:
		On entry : 
		On exit  : 
		Unchanged: 
 Data sizes:     COMRAM   BANK0   BANK1   BANK2   BANK3   BANK4   BANK5
      Params:         0       0       0       0       0       0       0
      Locals:         0       2       0       0       0       0       0
      Temps:          0       2       0       0       0       0       0
      Totals:         0       4       0       0       0       0       0
Total ram usage:        4 bytes
 Hardware stack levels used:    1
 Hardware stack levels required when called:    5
 This function calls:
		___wmul
		_lcd_gotoXY
		_lcd_putMessage
 This function is called by:
		_main
 This function uses a non-reentrant model


 *************** function _lcd_putMessage *****************
 Defined at:
		line 387 in file "Lcd4Lignes.c"
 Parameters:    Size  Location     Type
  chaine          3    6[BANK0 ] PTR const unsigned char 
		 -> m_tabVue(84), STR_1(24), 
 Auto vars:     Size  Location     Type
  j               1   14[BANK0 ] unsigned char 
 Return value:  Size  Location     Type
                  1    wreg      void 
 Registers used:
		wreg, fsr0l, fsr0h, status,2, status,0, tblptrl, tblptrh, tblptru, cstack
 Tracked objects:
		On entry : 
		On exit  : 
		Unchanged: 
 Data sizes:     COMRAM   BANK0   BANK1   BANK2   BANK3   BANK4   BANK5
      Params:         0       3       0       0       0       0       0
      Locals:         0       1       0       0       0       0       0
      Temps:          0       5       0       0       0       0       0
      Totals:         0       9       0       0       0       0       0
Total ram usage:        9 bytes
 Hardware stack levels used:    1
 Hardware stack levels required when called:    4
 This function calls:
		_lcd_ecritChar
 This function is called by:
		_main
		_afficheTabVue
 This function uses a non-reentrant model


 *************** function _lcd_ecritChar *****************
 Defined at:
		line 359 in file "Lcd4Lignes.c"
 Parameters:    Size  Location     Type
  car             1    wreg     unsigned char 
 Auto vars:     Size  Location     Type
  car             1    3[BANK0 ] unsigned char 
  posRam          1    4[BANK0 ] unsigned char 
 Return value:  Size  Location     Type
                  1    wreg      void 
 Registers used:
		wreg, status,2, status,0, cstack
 Tracked objects:
		On entry : 
		On exit  : 
		Unchanged: 
 Data sizes:     COMRAM   BANK0   BANK1   BANK2   BANK3   BANK4   BANK5
      Params:         0       0       0       0       0       0       0
      Locals:         0       2       0       0       0       0       0
      Temps:          0       0       0       0       0       0       0
      Totals:         0       2       0       0       0       0       0
Total ram usage:        2 bytes
 Hardware stack levels used:    1
 Hardware stack levels required when called:    3
 This function calls:
		_lcd_wrCom
		_lcd_wrData
 This function is called by:
		_demine
		_enleveTuilesAutour
		_lcd_putMessage
 This function uses a non-reentrant model


 *************** function _lcd_wrData *****************
 Defined at:
		line 188 in file "Lcd4Lignes.c"
 Parameters:    Size  Location     Type
  caractere       1    wreg     unsigned char 
 Auto vars:     Size  Location     Type
  caractere       1    2[BANK0 ] unsigned char 
 Return value:  Size  Location     Type
                  1    wreg      unsigned char 
 Registers used:
		wreg, status,2, status,0, cstack
 Tracked objects:
		On entry : 
		On exit  : 
		Unchanged: 
 Data sizes:     COMRAM   BANK0   BANK1   BANK2   BANK3   BANK4   BANK5
      Params:         0       0       0       0       0       0       0
      Locals:         0       1       0       0       0       0       0
      Temps:          0       0       0       0       0       0       0
      Totals:         0       1       0       0       0       0       0
Total ram usage:        1 bytes
 Hardware stack levels used:    1
 Hardware stack levels required when called:    2
 This function calls:
		_lcd_busy
		_lcd_ecrireDonnees
		_lcd_strobeEnableBit
 This function is called by:
		_lcd_ecritChar
		_lcd_initCGRam
		_lcd_effaceChar
 This function uses a non-reentrant model


 *************** function _lcd_gotoXY *****************
 Defined at:
		line 314 in file "Lcd4Lignes.c"
 Parameters:    Size  Location     Type
  x               1    wreg     unsigned char 
  y               1    3[BANK0 ] unsigned char 
 Auto vars:     Size  Location     Type
  x               1    4[BANK0 ] unsigned char 
 Return value:  Size  Location     Type
                  1    wreg      void 
 Registers used:
		wreg, status,2, status,0, cstack
 Tracked objects:
		On entry : 
		On exit  : 
		Unchanged: 
 Data sizes:     COMRAM   BANK0   BANK1   BANK2   BANK3   BANK4   BANK5
      Params:         0       1       0       0       0       0       0
      Locals:         0       1       0       0       0       0       0
      Temps:          0       0       0       0       0       0       0
      Totals:         0       2       0       0       0       0       0
Total ram usage:        2 bytes
 Hardware stack levels used:    1
 Hardware stack levels required when called:    3
 This function calls:
		_lcd_wrCom
 This function is called by:
		_deplace
		_enleveTuilesAutour
		_afficheTabVue
		_lcd_effaceLigne
 This function uses a non-reentrant model


 *************** function _lcd_wrCom *****************
 Defined at:
		line 156 in file "Lcd4Lignes.c"
 Parameters:    Size  Location     Type
  commande        1    wreg     unsigned char 
 Auto vars:     Size  Location     Type
  commande        1    2[BANK0 ] unsigned char 
 Return value:  Size  Location     Type
                  1    wreg      unsigned char 
 Registers used:
		wreg, status,2, status,0, cstack
 Tracked objects:
		On entry : 
		On exit  : 
		Unchanged: 
 Data sizes:     COMRAM   BANK0   BANK1   BANK2   BANK3   BANK4   BANK5
      Params:         0       0       0       0       0       0       0
      Locals:         0       1       0       0       0       0       0
      Temps:          0       0       0       0       0       0       0
      Totals:         0       1       0       0       0       0       0
Total ram usage:        1 bytes
 Hardware stack levels used:    1
 Hardware stack levels required when called:    2
 This function calls:
		_lcd_busy
		_lcd_ecrireDonnees
		_lcd_strobeEnableBit
 This function is called by:
		_lcd_init
		_lcd_effaceAffichage
		_lcd_curseurHome
		_lcd_gotoXY
		_lcd_ecritChar
		_lcd_initCGRam
		_lcd_cacheCurseur
		_lcd_montreCurseur
 This function uses a non-reentrant model


 *************** function _lcd_strobeEnableBit *****************
 Defined at:
		line 431 in file "Lcd4Lignes.c"
 Parameters:    Size  Location     Type
		None
 Auto vars:     Size  Location     Type
		None
 Return value:  Size  Location     Type
                  1    wreg      void 
 Registers used:
		None
 Tracked objects:
		On entry : 
		On exit  : 
		Unchanged: 
 Data sizes:     COMRAM   BANK0   BANK1   BANK2   BANK3   BANK4   BANK5
      Params:         0       0       0       0       0       0       0
      Locals:         0       0       0       0       0       0       0
      Temps:          0       0       0       0       0       0       0
      Totals:         0       0       0       0       0       0       0
Total ram usage:        0 bytes
 Hardware stack levels used:    1
 This function calls:
		Nothing
 This function is called by:
		_lcd_wrCom
		_lcd_wrData
		_lcd_resetSequence
 This function uses a non-reentrant model


 *************** function _lcd_ecrireDonnees *****************
 Defined at:
		line 107 in file "Lcd4Lignes.c"
 Parameters:    Size  Location     Type
  donnee          1    wreg     unsigned char 
 Auto vars:     Size  Location     Type
  donnee          1    1[BANK0 ] unsigned char 
 Return value:  Size  Location     Type
                  1    wreg      void 
 Registers used:
		wreg, status,2, status,0
 Tracked objects:
		On entry : 
		On exit  : 
		Unchanged: 
 Data sizes:     COMRAM   BANK0   BANK1   BANK2   BANK3   BANK4   BANK5
      Params:         0       0       0       0       0       0       0
      Locals:         0       1       0       0       0       0       0
      Temps:          0       1       0       0       0       0       0
      Totals:         0       2       0       0       0       0       0
Total ram usage:        2 bytes
 Hardware stack levels used:    1
 This function calls:
		Nothing
 This function is called by:
		_lcd_wrCom
		_lcd_wrData
		_lcd_resetSequence
 This function uses a non-reentrant model


 *************** function _lcd_busy *****************
 Defined at:
		line 124 in file "Lcd4Lignes.c"
 Parameters:    Size  Location     Type
		None
 Auto vars:     Size  Location     Type
  adresse         1    1[BANK0 ] unsigned char 
 Return value:  Size  Location     Type
                  1    wreg      unsigned char 
 Registers used:
		wreg, status,2, status,0, cstack
 Tracked objects:
		On entry : 
		On exit  : 
		Unchanged: 
 Data sizes:     COMRAM   BANK0   BANK1   BANK2   BANK3   BANK4   BANK5
      Params:         0       0       0       0       0       0       0
      Locals:         0       1       0       0       0       0       0
      Temps:          0       1       0       0       0       0       0
      Totals:         0       2       0       0       0       0       0
Total ram usage:        2 bytes
 Hardware stack levels used:    1
 Hardware stack levels required when called:    1
 This function calls:
		_lcd_lireDonnees
 This function is called by:
		_lcd_wrCom
		_lcd_wrData
 This function uses a non-reentrant model


 *************** function _lcd_lireDonnees *****************
 Defined at:
		line 93 in file "Lcd4Lignes.c"
 Parameters:    Size  Location     Type
		None
 Auto vars:     Size  Location     Type
		None
 Return value:  Size  Location     Type
                  1    wreg      unsigned char 
 Registers used:
		wreg, status,2, status,0
 Tracked objects:
		On entry : 
		On exit  : 
		Unchanged: 
 Data sizes:     COMRAM   BANK0   BANK1   BANK2   BANK3   BANK4   BANK5
      Params:         0       0       0       0       0       0       0
      Locals:         0       0       0       0       0       0       0
      Temps:          0       0       0       0       0       0       0
      Totals:         0       0       0       0       0       0       0
Total ram usage:        0 bytes
 Hardware stack levels used:    1
 This function calls:
		Nothing
 This function is called by:
		_lcd_busy
 This function uses a non-reentrant model


 *************** function ___wmul *****************
 Defined at:
		line 15 in file "C:\Program Files (x86)\Microchip\xc8\v2.10\pic\sources\c90\common\Umul16.c"
 Parameters:    Size  Location     Type
  multiplier      2    0[BANK0 ] unsigned int 
  multiplicand    2    2[BANK0 ] unsigned int 
 Auto vars:     Size  Location     Type
  product         2    4[BANK0 ] unsigned int 
 Return value:  Size  Location     Type
                  2    0[BANK0 ] unsigned int 
 Registers used:
		wreg, status,2, status,0, prodl, prodh
 Tracked objects:
		On entry : 
		On exit  : 
		Unchanged: 
 Data sizes:     COMRAM   BANK0   BANK1   BANK2   BANK3   BANK4   BANK5
      Params:         0       4       0       0       0       0       0
      Locals:         0       2       0       0       0       0       0
      Temps:          0       0       0       0       0       0       0
      Totals:         0       6       0       0       0       0       0
Total ram usage:        6 bytes
 Hardware stack levels used:    1
 This function calls:
		Nothing
 This function is called by:
		_initTabVue
		_rempliMines
		_metToucheCombien
		_calculToucheCombien
		_enleveTuilesAutour
		_gagne
		_afficheTabVue
 This function uses a non-reentrant model



MODULE INFORMATION

Module		Function		Class		Link	Load	Size
C:\Program Files (x86)\Microchip\xc8\v2.10\pic\sources\c90\common\Umul16.c
		___wmul        		CODE           	258E	0000	41

C:\Program Files (x86)\Microchip\xc8\v2.10\pic\sources\c90\common\Umul16.c estimated size: 41

C:\Program Files (x86)\Microchip\xc8\v2.10\pic\sources\c90\common\Umul32.c
		___lmul        		CODE           	223A	0000	109

C:\Program Files (x86)\Microchip\xc8\v2.10\pic\sources\c90\common\Umul32.c estimated size: 109

Lcd4Lignes.c
		_lcd_ecrireDonnees		CODE           	25FA	0000	29
		_lcd_busy      		CODE           	2484	0000	67
		_lcd_curseurHome		CODE           	2624	0000	9
		_lcd_initCGRam 		CODE           	2126	0000	163
		_lcd_effaceAffichage		CODE           	2616	0000	15
		_lcd_wrData    		CODE           	2506	0000	53
		_lcd_putMessage		CODE           	1F16	0000	181
		_lcd_resetSequence		CODE           	2312	0000	107
		_lcd_lireDonnees		CODE           	2634	0000	7
		_lcd_gotoXY    		CODE           	21C8	0000	115
		_lcd_wrCom     		CODE           	22A6	0000	109
		_lcd_ecritChar 		CODE           	2430	0000	85
		_lcd_init      		CODE           	2566	0000	41
		_lcd_strobeEnableBit		CODE           	262C	0000	9

Lcd4Lignes.c estimated size: 990

shared
		__initialization		CODE           	237C	0000	89

shared estimated size: 89

serie.c
		_init_serie    		CODE           	25DC	0000	31

serie.c estimated size: 31

C:\Program Files (x86)\Microchip\xc8\v2.10\pic\sources\c90\common\awmod.c
		___awmod       		CODE           	1FCA	0000	179

C:\Program Files (x86)\Microchip\xc8\v2.10\pic\sources\c90\common\awmod.c estimated size: 179

main.c
		_initialisation		CODE           	25B6	0000	39
		_afficheTabVue 		CODE           	207C	0000	171
		_metToucheCombien		CODE           	143C	0000	507
		_main          		CODE           	1E1C	0000	251
		_initTabVue    		CODE           	1B28	0000	379
		_rempliMines   		CODE           	1636	0000	483
		_getAnalog     		CODE           	253A	0000	45
		_gagne         		CODE           	1CA2	0000	379
		_calculToucheCombien		CODE           	061A	0000	2869
		_enleveTuilesAutour		CODE           	114E	0000	751
		_deplace       		CODE           	19A2	0000	391
		_demine        		CODE           	1818	0000	395

main.c estimated size: 6660

C:\Program Files (x86)\Microchip\xc8\v2.10\pic\sources\c90\common\rand.c
		_rand          		CODE           	23DA	0000	87

C:\Program Files (x86)\Microchip\xc8\v2.10\pic\sources\c90\common\rand.c estimated size: 87

